// Jest Snapshot v1, https://goo.gl/fbAQLP

exports[`DatePicker Test should render <DateRangeSelector/> component 1`] = `
Array [
  <div
    className="react-datepicker-wrapper"
  >
    <div
      className="react-datepicker__input-container"
    >
      <input
        className=""
        disabled={false}
        onBlur={[Function]}
        onChange={[Function]}
        onClick={[Function]}
        onFocus={[Function]}
        onKeyDown={[Function]}
        placeholder="Start Date"
        readOnly={false}
        type="text"
        value=""
      />
    </div>
  </div>,
  <div
    className=""
  >
    <div
      className="react-datepicker-wrapper"
    >
      <div
        className="react-datepicker__input-container"
      >
        <input
          className=""
          disabled={false}
          onBlur={[Function]}
          onChange={[Function]}
          onClick={[Function]}
          onFocus={[Function]}
          onKeyDown={[Function]}
          placeholder="End Date"
          readOnly={false}
          type="text"
          value=""
        />
      </div>
    </div>
  </div>,
]
`;
